
**************************************************************
*               银行管理系统 (零基础教学重构版)              *
**************************************************************
*  小组五人开发分工：                                        *
*  [开发者A] 核心架构与DB：DatabaseManager (SQLite封装)      *
*  [开发者B] 业务调度与交互：main.cpp (主循环与防呆处理)     *
*  [开发者C] 数据结构应用：CircularQueue排队 & Huffman压缩   *
*  [开发者D] 算法应用：UnionFind (并查集处理账户关联网络)    *
*  [开发者E] 业务模型：DecisionTree (风险评估与业务拦截)     *
**************************************************************


==================== 主菜单 ====================
1. 客户取号 (排队系统 CircularQueue)
2. 柜台叫号 (排队系统 CircularQueue)
3. 开户 (数据库增 + 防呆检验)
4. 查询账户 (数据库查 + STL回调排序)
5. 销户 (数据库删 + 存在性校验)
6. 转账 (事务并发 + 风险拦截 + 并查集关联)
7. 查看账户资金关联 (并查集 UnionFind 联查)
8. 压缩交易日志 (哈夫曼树 Huffman 压缩解压)
0. 安全退出系统
================================================
请选择操作 [0-8]: --- 办理开户 ---
输入客户姓名: 输入初始余额 (>=0): 输入初始信用分 (0-1000): ▶ 开户成功！分配的账户 ID 为: 4

==================== 主菜单 ====================
1. 客户取号 (排队系统 CircularQueue)
2. 柜台叫号 (排队系统 CircularQueue)
3. 开户 (数据库增 + 防呆检验)
4. 查询账户 (数据库查 + STL回调排序)
5. 销户 (数据库删 + 存在性校验)
6. 转账 (事务并发 + 风险拦截 + 并查集关联)
7. 查看账户资金关联 (并查集 UnionFind 联查)
8. 压缩交易日志 (哈夫曼树 Huffman 压缩解压)
0. 安全退出系统
================================================
请选择操作 [0-8]: --- 办理开户 ---
输入客户姓名: 输入初始余额 (>=0): 输入初始信用分 (0-1000): ▶ 开户成功！分配的账户 ID 为: 5

==================== 主菜单 ====================
1. 客户取号 (排队系统 CircularQueue)
2. 柜台叫号 (排队系统 CircularQueue)
3. 开户 (数据库增 + 防呆检验)
4. 查询账户 (数据库查 + STL回调排序)
5. 销户 (数据库删 + 存在性校验)
6. 转账 (事务并发 + 风险拦截 + 并查集关联)
7. 查看账户资金关联 (并查集 UnionFind 联查)
8. 压缩交易日志 (哈夫曼树 Huffman 压缩解压)
0. 安全退出系统
================================================
请选择操作 [0-8]: --- 办理开户 ---
输入客户姓名: 输入初始余额 (>=0): 输入初始信用分 (0-1000): ▶ 开户成功！分配的账户 ID 为: 6

==================== 主菜单 ====================
1. 客户取号 (排队系统 CircularQueue)
2. 柜台叫号 (排队系统 CircularQueue)
3. 开户 (数据库增 + 防呆检验)
4. 查询账户 (数据库查 + STL回调排序)
5. 销户 (数据库删 + 存在性校验)
6. 转账 (事务并发 + 风险拦截 + 并查集关联)
7. 查看账户资金关联 (并查集 UnionFind 联查)
8. 压缩交易日志 (哈夫曼树 Huffman 压缩解压)
0. 安全退出系统
================================================
请选择操作 [0-8]: 请选择排序方式: 
  1. 按账户 ID 升序 (默认)
  2. 按账户余额从高到低
  3. 按风险评估从安全到高风险 (优先推荐)
> 
============================== 账户列表 ==============================
账户ID客户姓名    账户余额(元)信用分 状态    风险评估等级
------------------------------------------------------------------------------------------
1       A               1000.00        800       正常    AA (信用极好)
2       B               2000.00        750       正常    B (信用中等)
3       C               10000.00       490       正常    D (高风险客户)
4       A               1000.00        800       正常    AA (信用极好)
5       B               2000.00        750       正常    B (信用中等)
6       C               10000.00       500       正常    D (高风险客户)
------------------------------------------------------------------------------------------

==================== 主菜单 ====================
1. 客户取号 (排队系统 CircularQueue)
2. 柜台叫号 (排队系统 CircularQueue)
3. 开户 (数据库增 + 防呆检验)
4. 查询账户 (数据库查 + STL回调排序)
5. 销户 (数据库删 + 存在性校验)
6. 转账 (事务并发 + 风险拦截 + 并查集关联)
7. 查看账户资金关联 (并查集 UnionFind 联查)
8. 压缩交易日志 (哈夫曼树 Huffman 压缩解压)
0. 安全退出系统
================================================
请选择操作 [0-8]: --- 办理销户 ---
输入要注销的账户 ID: 【业务拦截】销户失败: 账户 ID 1 余额不为零 (1000.000000元)，清空余额后方可销户! 操作取消。

==================== 主菜单 ====================
1. 客户取号 (排队系统 CircularQueue)
2. 柜台叫号 (排队系统 CircularQueue)
3. 开户 (数据库增 + 防呆检验)
4. 查询账户 (数据库查 + STL回调排序)
5. 销户 (数据库删 + 存在性校验)
6. 转账 (事务并发 + 风险拦截 + 并查集关联)
7. 查看账户资金关联 (并查集 UnionFind 联查)
8. 压缩交易日志 (哈夫曼树 Huffman 压缩解压)
0. 安全退出系统
================================================
请选择操作 [0-8]: --- 办理销户 ---
输入要注销的账户 ID: 【业务拦截】销户失败: 账户 ID 2 余额不为零 (2000.000000元)，清空余额后方可销户! 操作取消。

==================== 主菜单 ====================
1. 客户取号 (排队系统 CircularQueue)
2. 柜台叫号 (排队系统 CircularQueue)
3. 开户 (数据库增 + 防呆检验)
4. 查询账户 (数据库查 + STL回调排序)
5. 销户 (数据库删 + 存在性校验)
6. 转账 (事务并发 + 风险拦截 + 并查集关联)
7. 查看账户资金关联 (并查集 UnionFind 联查)
8. 压缩交易日志 (哈夫曼树 Huffman 压缩解压)
0. 安全退出系统
================================================
请选择操作 [0-8]: --- 办理转账 ---
转出账户 ID: 转入账户 ID: 转账金额: ▶ 转账办理成功！100.00 元已从 ID:1 转移至 ID:2

==================== 主菜单 ====================
1. 客户取号 (排队系统 CircularQueue)
2. 柜台叫号 (排队系统 CircularQueue)
3. 开户 (数据库增 + 防呆检验)
4. 查询账户 (数据库查 + STL回调排序)
5. 销户 (数据库删 + 存在性校验)
6. 转账 (事务并发 + 风险拦截 + 并查集关联)
7. 查看账户资金关联 (并查集 UnionFind 联查)
8. 压缩交易日志 (哈夫曼树 Huffman 压缩解压)
0. 安全退出系统
================================================
请选择操作 [0-8]: --- 办理转账 ---
转出账户 ID: 转入账户 ID: 转账金额: ▶ 转账办理成功！100.00 元已从 ID:2 转移至 ID:1

==================== 主菜单 ====================
1. 客户取号 (排队系统 CircularQueue)
2. 柜台叫号 (排队系统 CircularQueue)
3. 开户 (数据库增 + 防呆检验)
4. 查询账户 (数据库查 + STL回调排序)
5. 销户 (数据库删 + 存在性校验)
6. 转账 (事务并发 + 风险拦截 + 并查集关联)
7. 查看账户资金关联 (并查集 UnionFind 联查)
8. 压缩交易日志 (哈夫曼树 Huffman 压缩解压)
0. 安全退出系统
================================================
请选择操作 [0-8]: --- 办理转账 ---
转出账户 ID: 转入账户 ID: 转账金额: ⚠ 【风控拦截】此账户 (3) 属于高风险客户！
⚠ 【风控拒绝】因信用风险，拒绝大于 5000 元的转账请求。当前请求：8000.00 元
⚠ 【风控惩罚】已扣除该账户 10 分信用分作为惩罚，当前信用分: 480

==================== 主菜单 ====================
1. 客户取号 (排队系统 CircularQueue)
2. 柜台叫号 (排队系统 CircularQueue)
3. 开户 (数据库增 + 防呆检验)
4. 查询账户 (数据库查 + STL回调排序)
5. 销户 (数据库删 + 存在性校验)
6. 转账 (事务并发 + 风险拦截 + 并查集关联)
7. 查看账户资金关联 (并查集 UnionFind 联查)
8. 压缩交易日志 (哈夫曼树 Huffman 压缩解压)
0. 安全退出系统
================================================
请选择操作 [0-8]: 请选择排序方式: 
  1. 按账户 ID 升序 (默认)
  2. 按账户余额从高到低
  3. 按风险评估从安全到高风险 (优先推荐)
> 
============================== 账户列表 ==============================
账户ID客户姓名    账户余额(元)信用分 状态    风险评估等级
------------------------------------------------------------------------------------------
1       A               1000.00        800       正常    AA (信用极好)
2       B               2000.00        750       正常    B (信用中等)
3       C               10000.00       480       正常    D (高风险客户)
4       A               1000.00        800       正常    AA (信用极好)
5       B               2000.00        750       正常    B (信用中等)
6       C               10000.00       500       正常    D (高风险客户)
------------------------------------------------------------------------------------------

==================== 主菜单 ====================
1. 客户取号 (排队系统 CircularQueue)
2. 柜台叫号 (排队系统 CircularQueue)
3. 开户 (数据库增 + 防呆检验)
4. 查询账户 (数据库查 + STL回调排序)
5. 销户 (数据库删 + 存在性校验)
6. 转账 (事务并发 + 风险拦截 + 并查集关联)
7. 查看账户资金关联 (并查集 UnionFind 联查)
8. 压缩交易日志 (哈夫曼树 Huffman 压缩解压)
0. 安全退出系统
================================================
请选择操作 [0-8]: 感谢使用银行管理系统，再见！
